// Jest Snapshot v1, https://goo.gl/fbAQLP

exports[`render 1`] = `
<div
  className="isTemplateTag"
>
  prototypeTemplate
</div>
`;
